[poke1024.github.io/tove2d/index.html]
[poke1024.github.io/tove2d/img/favicon.ico]
[backblue.gif]
[fade.gif]
[index.html]
[poke1024.github.io/tove2d/css/theme.css]
[poke1024.github.io/tove2d/css/theme_extra.css]
[cdnjs.cloudflare.com/ajax/libs/highlight.js/9.12.0/styles/github.min.css]
[poke1024.github.io/tove2d/js/jquery-2.1.1.min.js]
[poke1024.github.io/tove2d/js/modernizr-2.8.3.min.js]
[cdnjs.cloudflare.com/ajax/libs/highlight.js/9.12.0/highlight.min.js]
[poke1024.github.io/tove2d/.html]
[poke1024.github.io/tove2d/js/theme.js]
[poke1024.github.io/tove2d/search/main.js]
[poke1024.github.io/tove2d/index.html]
[poke1024.github.io/tove2d/tutorials/Getting_Started/index.html]
[poke1024.github.io/tove2d/fonts/fontawesome-webfont3e6e.eot]
[poke1024.github.io/tove2d/tutorials/Demos/index.html]
[poke1024.github.io/tove2d/fonts/fontawesome-webfontd41d.eot]
[poke1024.github.io/tove2d/fonts/fontawesome-webfont3e6e.woff2]
[poke1024.github.io/tove2d/fonts/fontawesome-webfont3e6e.woff]
[poke1024.github.io/tove2d/fonts/fontawesome-webfont3e6e.ttf]
[poke1024.github.io/tove2d/features/index.html]
[poke1024.github.io/tove2d/fonts/fontawesome-webfont3e6e.svg]
[poke1024.github.io/tove2d/fonts/Lato/lato-regular.eot]
[poke1024.github.io/tove2d/fonts/Lato/lato-regulard41d.eot]
[poke1024.github.io/tove2d/fonts/Lato/lato-regular.woff2]
[poke1024.github.io/tove2d/tutorials/Renderers/index.html]
[poke1024.github.io/tove2d/fonts/Lato/lato-regular.woff]
[poke1024.github.io/tove2d/fonts/Lato/lato-regular.ttf]
[poke1024.github.io/tove2d/fonts/Lato/lato-bold.eot]
[poke1024.github.io/tove2d/fonts/Lato/lato-boldd41d.eot]
[poke1024.github.io/tove2d/fonts/Lato/lato-bold.woff2]
[poke1024.github.io/tove2d/tutorials/Animation/index.html]
[poke1024.github.io/tove2d/fonts/Lato/lato-bold.woff]
[poke1024.github.io/tove2d/fonts/Lato/lato-bold.ttf]
[poke1024.github.io/tove2d/fonts/Lato/lato-bolditalic.eot]
[poke1024.github.io/tove2d/fonts/Lato/lato-bolditalicd41d.eot]
[poke1024.github.io/tove2d/release-notes/index.html]
[poke1024.github.io/tove2d/fonts/Lato/lato-bolditalic.woff2]
[poke1024.github.io/tove2d/fonts/Lato/lato-bolditalic.woff]
[poke1024.github.io/tove2d/fonts/Lato/lato-bolditalic.ttf]
[poke1024.github.io/tove2d/fonts/Lato/lato-italic.eot]
[poke1024.github.io/tove2d/fonts/Lato/lato-italicd41d.eot]
[poke1024.github.io/tove2d/fonts/Lato/lato-italic.woff2]
[poke1024.github.io/tove2d/fonts/Lato/lato-italic.woff]
[poke1024.github.io/tove2d/fonts/Lato/lato-italic.ttf]
[poke1024.github.io/tove2d/fonts/RobotoSlab/roboto-slab.eot]
[poke1024.github.io/tove2d/fonts/RobotoSlab/roboto-slab-v7-regulard41d.eot]
[poke1024.github.io/tove2d/fonts/RobotoSlab/roboto-slab-v7-regular.woff2]
[poke1024.github.io/tove2d/fonts/RobotoSlab/roboto-slab-v7-regular.woff]
[poke1024.github.io/tove2d/fonts/RobotoSlab/roboto-slab-v7-regular.ttf]
[poke1024.github.io/tove2d/fonts/RobotoSlab/roboto-slab-v7-bold.eot]
[poke1024.github.io/tove2d/fonts/RobotoSlab/roboto-slab-v7-boldd41d.eot]
[poke1024.github.io/tove2d/fonts/RobotoSlab/roboto-slab-v7-bold.woff2]
[poke1024.github.io/tove2d/fonts/RobotoSlab/roboto-slab-v7-bold.woff]
[poke1024.github.io/tove2d/css/theme.css]
[poke1024.github.io/tove2d/css/theme_extra.css]
[cdnjs.cloudflare.com/ajax/libs/highlight.js/9.12.0/styles/github.min.css]
[poke1024.github.io/tove2d/.html]
[poke1024.github.io/tove2d/fonts/RobotoSlab/roboto-slab-v7-bold.ttf]
[poke1024.github.io/tove2d/tutorials/images/tutorial/white-triangle.jpg]
[poke1024.github.io/tove2d/tutorials/images/tutorial/purple-triangle.jpg]
[poke1024.github.io/tove2d/tutorials/images/tutorial/curved-triangle.jpg]
[poke1024.github.io/tove2d/tutorials/images/tutorial/curved-triangle-stroked.jpg]
[poke1024.github.io/tove2d/tutorials/images/tutorial/triangle-gradient.jpg]
[poke1024.github.io/tove2d/tutorials/images/tutorial/rabbit-svg.jpg]
[poke1024.github.io/tove2d/tutorials/Getting_Started/index.html]
[poke1024.github.io/tove2d/tutorials/images/demos/warp.png]
[poke1024.github.io/tove2d/tutorials/images/demos/renderers.png]
[poke1024.github.io/tove2d/tutorials/images/demos/tess.png]
[poke1024.github.io/tove2d/tutorials/images/demos/zoom.png]
[poke1024.github.io/tove2d/tutorials/images/demos/blob.png]
[poke1024.github.io/tove2d/tutorials/images/demos/hearts.png]
[poke1024.github.io/tove2d/tutorials/images/demos/fillrule.png]
[poke1024.github.io/tove2d/tutorials/images/demos/clippath.png]
[poke1024.github.io/tove2d/tutorials/images/demos/retro.png]
[poke1024.github.io/tove2d/tutorials/images/demos/miniedit.png]
[poke1024.github.io/tove2d/tutorials/images/demos/miniedit2.png]
[poke1024.github.io/tove2d/tutorials/Demos/index.html]
[poke1024.github.io/tove2d/features/index.html]
[poke1024.github.io/tove2d/tutorials/images/tutorial/triangle-mesh-fine.jpg]
[poke1024.github.io/tove2d/tutorials/images/tutorial/mesh-low.jpg]
[poke1024.github.io/tove2d/tutorials/Renderers/index.html]
[poke1024.github.io/tove2d/tutorials/Animation/index.html]
[poke1024.github.io/tove2d/release-notes/index.html]
[poke1024.github.io/tove2d/fonts/fontawesome-webfont3e6e.svg]
